../Core/Src/FEB_ADC.c:23:6:FEB_ADC_PollADC	8	static
../Core/Src/FEB_ADC.c:68:6:FEB_ADC_Convert_Values	4	static
../Core/Src/FEB_ADC.c:73:7:FEB_ADC_Get_Voltage	4	static
../Core/Src/FEB_ADC.c:77:7:FEB_ADC_Get_Current	4	static
../Core/Src/FEB_ADC.c:81:7:FEB_ADC_Get_Temp1	4	static
../Core/Src/FEB_ADC.c:85:7:FEB_ADC_Get_Temp2	4	static
../Core/Src/FEB_ADC.c:89:7:FEB_ADC_Get_Temp3	4	static
../Core/Src/FEB_ADC.c:93:6:FEB_ADC_Status	16	static
../Core/Src/FEB_ADC.c:106:6:FEB_ADC_Select_Current	24	static
../Core/Src/FEB_ADC.c:119:6:FEB_ADC_Select_Voltage	24	static
../Core/Src/FEB_ADC.c:132:6:FEB_ADC_Select_Temp1	24	static
../Core/Src/FEB_ADC.c:145:6:FEB_ADC_Select_Temp2	24	static
../Core/Src/FEB_ADC.c:158:6:FEB_ADC_Select_Temp3	24	static
