../Core/Src/FEB_ADC.c:23:6:FEB_ADC_PollADC	8	static
../Core/Src/FEB_ADC.c:65:6:FEB_ADC_Convert_Values	4	static
../Core/Src/FEB_ADC.c:70:7:FEB_ADC_Get_Voltage	4	static
../Core/Src/FEB_ADC.c:74:7:FEB_ADC_Get_Current	4	static
../Core/Src/FEB_ADC.c:78:7:FEB_ADC_Get_Temp1	4	static
../Core/Src/FEB_ADC.c:82:7:FEB_ADC_Get_Temp2	4	static
../Core/Src/FEB_ADC.c:86:7:FEB_ADC_Get_Temp3	4	static
../Core/Src/FEB_ADC.c:90:6:FEB_ADC_Select_Current	24	static
../Core/Src/FEB_ADC.c:103:6:FEB_ADC_Select_Voltage	24	static
../Core/Src/FEB_ADC.c:116:6:FEB_ADC_Select_Temp1	24	static
../Core/Src/FEB_ADC.c:129:6:FEB_ADC_Select_Temp2	24	static
../Core/Src/FEB_ADC.c:142:6:FEB_ADC_Select_Temp3	24	static
