Archive member included to satisfy reference by file (symbol)

/Applications/STM32CubeIDE.app/Contents/Eclipse/plugins/com.st.stm32cube.ide.mcu.externaltools.gnu-tools-for-stm32.11.3.rel1.macos64_1.1.0.202305231506/tools/bin/../lib/gcc/arm-none-eabi/11.3.1/../../../../arm-none-eabi/lib/thumb/v7e-m+fp/hard/libc_nano.a(libc_a-exit.o)
                              /Applications/STM32CubeIDE.app/Contents/Eclipse/plugins/com.st.stm32cube.ide.mcu.externaltools.gnu-tools-for-stm32.11.3.rel1.macos64_1.1.0.202305231506/tools/bin/../lib/gcc/arm-none-eabi/11.3.1/../../../../arm-none-eabi/lib/thumb/v7e-m+fp/hard/crt0.o (exit)
/Applications/STM32CubeIDE.app/Contents/Eclipse/plugins/com.st.stm32cube.ide.mcu.externaltools.gnu-tools-for-stm32.11.3.rel1.macos64_1.1.0.202305231506/tools/bin/../lib/gcc/arm-none-eabi/11.3.1/../../../../arm-none-eabi/lib/thumb/v7e-m+fp/hard/libc_nano.a(libc_a-findfp.o)
                              /Applications/STM32CubeIDE.app/Contents/Eclipse/plugins/com.st.stm32cube.ide.mcu.externaltools.gnu-tools-for-stm32.11.3.rel1.macos64_1.1.0.202305231506/tools/bin/../lib/gcc/arm-none-eabi/11.3.1/../../../../arm-none-eabi/lib/thumb/v7e-m+fp/hard/libc_nano.a(libc_a-exit.o) (__stdio_exit_handler)
/Applications/STM32CubeIDE.app/Contents/Eclipse/plugins/com.st.stm32cube.ide.mcu.externaltools.gnu-tools-for-stm32.11.3.rel1.macos64_1.1.0.202305231506/tools/bin/../lib/gcc/arm-none-eabi/11.3.1/../../../../arm-none-eabi/lib/thumb/v7e-m+fp/hard/libc_nano.a(libc_a-fwalk.o)
                              /Applications/STM32CubeIDE.app/Contents/Eclipse/plugins/com.st.stm32cube.ide.mcu.externaltools.gnu-tools-for-stm32.11.3.rel1.macos64_1.1.0.202305231506/tools/bin/../lib/gcc/arm-none-eabi/11.3.1/../../../../arm-none-eabi/lib/thumb/v7e-m+fp/hard/libc_nano.a(libc_a-findfp.o) (_fwalk_sglue)
/Applications/STM32CubeIDE.app/Contents/Eclipse/plugins/com.st.stm32cube.ide.mcu.externaltools.gnu-tools-for-stm32.11.3.rel1.macos64_1.1.0.202305231506/tools/bin/../lib/gcc/arm-none-eabi/11.3.1/../../../../arm-none-eabi/lib/thumb/v7e-m+fp/hard/libc_nano.a(libc_a-memset.o)
                              /Applications/STM32CubeIDE.app/Contents/Eclipse/plugins/com.st.stm32cube.ide.mcu.externaltools.gnu-tools-for-stm32.11.3.rel1.macos64_1.1.0.202305231506/tools/bin/../lib/gcc/arm-none-eabi/11.3.1/../../../../arm-none-eabi/lib/thumb/v7e-m+fp/hard/crt0.o (memset)
/Applications/STM32CubeIDE.app/Contents/Eclipse/plugins/com.st.stm32cube.ide.mcu.externaltools.gnu-tools-for-stm32.11.3.rel1.macos64_1.1.0.202305231506/tools/bin/../lib/gcc/arm-none-eabi/11.3.1/../../../../arm-none-eabi/lib/thumb/v7e-m+fp/hard/libc_nano.a(libc_a-impure.o)
                              /Applications/STM32CubeIDE.app/Contents/Eclipse/plugins/com.st.stm32cube.ide.mcu.externaltools.gnu-tools-for-stm32.11.3.rel1.macos64_1.1.0.202305231506/tools/bin/../lib/gcc/arm-none-eabi/11.3.1/../../../../arm-none-eabi/lib/thumb/v7e-m+fp/hard/libc_nano.a(libc_a-findfp.o) (_impure_data)
/Applications/STM32CubeIDE.app/Contents/Eclipse/plugins/com.st.stm32cube.ide.mcu.externaltools.gnu-tools-for-stm32.11.3.rel1.macos64_1.1.0.202305231506/tools/bin/../lib/gcc/arm-none-eabi/11.3.1/../../../../arm-none-eabi/lib/thumb/v7e-m+fp/hard/libc_nano.a(libc_a-errno.o)
                              ./Core/Src/syscalls.o (__errno)
/Applications/STM32CubeIDE.app/Contents/Eclipse/plugins/com.st.stm32cube.ide.mcu.externaltools.gnu-tools-for-stm32.11.3.rel1.macos64_1.1.0.202305231506/tools/bin/../lib/gcc/arm-none-eabi/11.3.1/../../../../arm-none-eabi/lib/thumb/v7e-m+fp/hard/libc_nano.a(libc_a-init.o)
                              /Applications/STM32CubeIDE.app/Contents/Eclipse/plugins/com.st.stm32cube.ide.mcu.externaltools.gnu-tools-for-stm32.11.3.rel1.macos64_1.1.0.202305231506/tools/bin/../lib/gcc/arm-none-eabi/11.3.1/../../../../arm-none-eabi/lib/thumb/v7e-m+fp/hard/crt0.o (__libc_init_array)
/Applications/STM32CubeIDE.app/Contents/Eclipse/plugins/com.st.stm32cube.ide.mcu.externaltools.gnu-tools-for-stm32.11.3.rel1.macos64_1.1.0.202305231506/tools/bin/../lib/gcc/arm-none-eabi/11.3.1/../../../../arm-none-eabi/lib/thumb/v7e-m+fp/hard/libc_nano.a(libc_a-lock.o)
                              /Applications/STM32CubeIDE.app/Contents/Eclipse/plugins/com.st.stm32cube.ide.mcu.externaltools.gnu-tools-for-stm32.11.3.rel1.macos64_1.1.0.202305231506/tools/bin/../lib/gcc/arm-none-eabi/11.3.1/../../../../arm-none-eabi/lib/thumb/v7e-m+fp/hard/libc_nano.a(libc_a-findfp.o) (__retarget_lock_init_recursive)
/Applications/STM32CubeIDE.app/Contents/Eclipse/plugins/com.st.stm32cube.ide.mcu.externaltools.gnu-tools-for-stm32.11.3.rel1.macos64_1.1.0.202305231506/tools/bin/../lib/gcc/arm-none-eabi/11.3.1/../../../../arm-none-eabi/lib/thumb/v7e-m+fp/hard/libc_nano.a(libc_a-mallocr.o)
[...]
Memory Configuration

Name             Origin             Length             Attributes
RAM              0x0000000020000000 0x0000000000020000 xrw
FLASH            0x0000000008000000 0x0000000000080000 xr
*default*        0x0000000000000000 0xffffffffffffffff

Linker script and memory map

LOAD /Applications/STM32CubeIDE.app/Contents/Eclipse/plugins/com.st.stm32cube.ide.mcu.externaltools.gnu-tools-for-stm32.11.3.rel1.macos64_1.1.0.202305231506/tools/bin/../lib/gcc/arm-none-eabi/11.3.1/thumb/v7e-m+fp/hard/crti.o
LOAD /Applications/STM32CubeIDE.app/Contents/Eclipse/plugins/com.st.stm32cube.ide.mcu.externaltools.gnu-tools-for-stm32.11.3.rel1.macos64_1.1.0.202305231506/tools/bin/../lib/gcc/arm-none-eabi/11.3.1/thumb/v7e-m+fp/hard/crtbegin.o
LOAD /Applications/STM32CubeIDE.app/Contents/Eclipse/plugins/com.st.stm32cube.ide.mcu.externaltools.gnu-tools-for-stm32.11.3.rel1.macos64_1.1.0.202305231506/tools/bin/../lib/gcc/arm-none-eabi/11.3.1/../../../../arm-none-eabi/lib/thumb/v7e-m+fp/hard/crt0.o
LOAD ./Core/Src/FEB_ADC.o
LOAD ./Core/Src/FEB_Charge.o
LOAD ./Core/Src/FEB_Discharge.o
LOAD ./Core/Src/FEB_Main.o
LOAD ./Core/Src/FEB_Relay.o
LOAD ./Core/Src/FEB_SM.o
LOAD ./Core/Src/FEB_TIM.o
LOAD ./Core/Src/main.o
LOAD ./Core/Src/stm32f4xx_hal_msp.o
LOAD ./Core/Src/stm32f4xx_it.o
LOAD ./Core/Src/syscalls.o
LOAD ./Core/Src/sysmem.o
LOAD ./Core/Src/system_stm32f4xx.o
LOAD ./Core/Startup/startup_stm32f446retx.o
LOAD ./Drivers/STM32F4xx_HAL_Driver/Src/stm32f4xx_hal.o
LOAD ./Drivers/STM32F4xx_HAL_Driver/Src/stm32f4xx_hal_adc.o
LOAD ./Drivers/STM32F4xx_HAL_Driver/Src/stm32f4xx_hal_adc_ex.o
LOAD ./Drivers/STM32F4xx_HAL_Driver/Src/stm32f4xx_hal_cortex.o
LOAD ./Drivers/STM32F4xx_HAL_Driver/Src/stm32f4xx_hal_dma.o
LOAD ./Drivers/STM32F4xx_HAL_Driver/Src/stm32f4xx_hal_dma_ex.o
LOAD ./Drivers/STM32F4xx_HAL_Driver/Src/stm32f4xx_hal_exti.o
LOAD ./Drivers/STM32F4xx_HAL_Driver/Src/stm32f4xx_hal_flash.o
LOAD ./Drivers/STM32F4xx_HAL_Driver/Src/stm32f4xx_hal_flash_ex.o
LOAD ./Drivers/STM32F4xx_HAL_Driver/Src/stm32f4xx_hal_flash_ramfunc.o
LOAD ./Drivers/STM32F4xx_HAL_Driver/Src/stm32f4xx_hal_gpio.o
LOAD ./Drivers/STM32F4xx_HAL_Driver/Src/stm32f4xx_hal_pwr.o
LOAD ./Drivers/STM32F4xx_HAL_Driver/Src/stm32f4xx_hal_pwr_ex.o
LOAD ./Drivers/STM32F4xx_HAL_Driver/Src/stm32f4xx_hal_rcc.o
LOAD ./Drivers/STM32F4xx_HAL_Driver/Src/stm32f4xx_hal_rcc_ex.o
LOAD ./Drivers/STM32F4xx_HAL_Driver/Src/stm32f4xx_hal_tim.o
LOAD ./Drivers/STM32F4xx_HAL_Driver/Src/stm32f4xx_hal_tim_ex.o
LOAD ./Drivers/STM32F4xx_HAL_Driver/Src/stm32f4xx_hal_uart.o
LOAD ./Drivers/STM32F4xx_HAL_Driver/Src/stm32f4xx_ll_adc.o
START GROUP
LOAD /Applications/STM32CubeIDE.app/Contents/Eclipse/plugins/com.st.stm32cube.ide.mcu.externaltools.gnu-tools-for-stm32.11.3.rel1.macos64_1.1.0.202305231506/tools/bin/../lib/gcc/arm-none-eabi/11.3.1/../../../../arm-none-eabi/lib/thumb/v7e-m+fp/hard/libc_nano.a
LOAD /Applications/STM32CubeIDE.app/Contents/Eclipse/plugins/com.st.stm32cube.ide.mcu.externaltools.gnu-tools-for-stm32.11.3.rel1.macos64_1.1.0.202305231506/tools/bin/../lib/gcc/arm-none-eabi/11.3.1/../../../../arm-none-eabi/lib/thumb/v7e-m+fp/hard/libm.a
END GROUP
START GROUP
LOAD /Applications/STM32CubeIDE.app/Contents/Eclipse/plugins/com.st.stm32cube.ide.mcu.externaltools.gnu-tools-for-stm32.11.3.rel1.macos64_1.1.0.202305231506/tools/bin/../lib/gcc/arm-none-eabi/11.3.1/thumb/v7e-m+fp/hard/libgcc.a
LOAD /Applications/STM32CubeIDE.app/Contents/Eclipse/plugins/com.st.stm32cube.ide.mcu.externaltools.gnu-tools-for-stm32.11.3.rel1.macos64_1.1.0.202305231506/tools/bin/../lib/gcc/arm-none-eabi/11.3.1/../../../../arm-none-eabi/lib/thumb/v7e-m+fp/hard/libc_nano.a
END GROUP
START GROUP
LOAD /Applications/STM32CubeIDE.app/Contents/Eclipse/plugins/com.st.stm32cube.ide.mcu.externaltools.gnu-tools-for-stm32.11.3.rel1.macos64_1.1.0.202305231506/tools/bin/../lib/gcc/arm-none-eabi/11.3.1/thumb/v7e-m+fp/hard/libgcc.a
LOAD /Applications/STM32CubeIDE.app/Contents/Eclipse/plugins/com.st.stm32cube.ide.mcu.externaltools.gnu-tools-for-stm32.11.3.rel1.macos64_1.1.0.202305231506/tools/bin/../lib/gcc/arm-none-eabi/11.3.1/../../../../arm-none-eabi/lib/thumb/v7e-m+fp/hard/libc_nano.a
LOAD /Applications/STM32CubeIDE.app/Contents/Eclipse/plugins/com.st.stm32cube.ide.mcu.externaltools.gnu-tools-for-stm32.11.3.rel1.macos64_1.1.0.202305231506/tools/bin/../lib/gcc/arm-none-eabi/11.3.1/../../../../arm-none-eabi/lib/thumb/v7e-m+fp/hard/libnosys.a
END GROUP
START GROUP
LOAD /Applications/STM32CubeIDE.app/Contents/Eclipse/plugins/com.st.stm32cube.ide.mcu.externaltools.gnu-tools-for-stm32.11.3.rel1.macos64_1.1.0.202305231506/tools/bin/../lib/gcc/arm-none-eabi/11.3.1/thumb/v7e-m+fp/hard/libgcc.a
LOAD /Applications/STM32CubeIDE.app/Contents/Eclipse/plugins/com.st.stm32cube.ide.mcu.externaltools.gnu-tools-for-stm32.11.3.rel1.macos64_1.1.0.202305231506/tools/bin/../lib/gcc/arm-none-eabi/11.3.1/../../../../arm-none-eabi/lib/thumb/v7e-m+fp/hard/libc_nano.a
LOAD /Applications/STM32CubeIDE.app/Contents/Eclipse/plugins/com.st.stm32cube.ide.mcu.externaltools.gnu-tools-for-stm32.11.3.rel1.macos64_1.1.0.202305231506/tools/bin/../lib/gcc/arm-none-eabi/11.3.1/../../../../arm-none-eabi/lib/thumb/v7e-m+fp/hard/libnosys.a
END GROUP
LOAD /Applications/STM32CubeIDE.app/Contents/Eclipse/plugins/com.st.stm32cube.ide.mcu.externaltools.gnu-tools-for-stm32.11.3.rel1.macos64_1.1.0.202305231506/tools/bin/../lib/gcc/arm-none-eabi/11.3.1/thumb/v7e-m+fp/hard/crtend.o
LOAD /Applications/STM32CubeIDE.app/Contents/Eclipse/plugins/com.st.stm32cube.ide.mcu.externaltools.gnu-tools-for-stm32.11.3.rel1.macos64_1.1.0.202305231506/tools/bin/../lib/gcc/arm-none-eabi/11.3.1/thumb/v7e-m+fp/hard/crtn.o
                0x0000000020020000                _estack = (ORIGIN (RAM) + LENGTH (RAM))
                0x0000000000000200                _Min_Heap_Size = 0x200
                0x0000000000000400                _Min_Stack_Size = 0x400

.isr_vector     0x0000000008000000      0x1c4
                0x0000000008000000                . = ALIGN (0x4)
 *(.isr_vector)
 .isr_vector    0x0000000008000000      0x1c4 ./Core/Startup/startup_stm32f446retx.o
                0x0000000008000000                g_pfnVectors
                0x00000000080001c4                . = ALIGN (0x4)

.text           0x00000000080001c8     0x3864
                0x00000000080001c8                . = ALIGN (0x4)
 *(.text)
 .text          0x00000000080001c8       0x40 /Applications/STM32CubeIDE.app/Contents/Eclipse/plugins/com.st.stm32cube.ide.mcu.externaltools.gnu-tools-for-stm32.11.3.rel1.macos64_1.1.0.202305231506/tools/bin/../lib/gcc/arm-none-eabi/11.3.1/thumb/v7e-m+fp/hard/crtbegin.o
 .text          0x0000000008000208      0x378 /Applications/STM32CubeIDE.app/Contents/Eclipse/plugins/com.st.stm32cube.ide.mcu.externaltools.gnu-tools-for-stm32.11.3.rel1.macos64_1.1.0.202305231506/tools/bin/../lib/gcc/arm-none-eabi/11.3.1/thumb/v7e-m+fp/hard/libgcc.a(_arm_addsubdf3.o)
                0x0000000008000208                __aeabi_drsub
                0x0000000008000210                __subdf3
                0x0000000008000210                __aeabi_dsub
                0x0000000008000214                __aeabi_dadd
                0x0000000008000214                __adddf3
                0x000000000800048c                __aeabi_ui2d
                0x000000000800048c                __floatunsidf
                0x00000000080004ac                __floatsidf
                0x00000000080004ac                __aeabi_i2d
                0x00000000080004d0                __extendsfdf2
                0x00000000080004d0                __aeabi_f2d
                0x0000000008000514                __aeabi_ul2d
                0x0000000008000514                __floatundidf
                0x0000000008000524                __aeabi_l2d
                0x0000000008000524                __floatdidf
 .text          0x0000000008000580      0x110 /Applications/STM32CubeIDE.app/Contents/Eclipse/plugins/com.st.stm32cube.ide.mcu.externaltools.gnu-tools-for-stm32.11.3.rel1.macos64_1.1.0.202305231506/tools/bin/../lib/gcc/arm-none-eabi/11.3.1/thumb/v7e-m+fp/hard/libgcc.a(_arm_cmpdf2.o)
                0x0000000008000580                __gedf2
                0x0000000008000580                __gtdf2
                0x0000000008000588                __ledf2
                0x0000000008000588                __ltdf2
                0x0000000008000590                __cmpdf2
                0x0000000008000590                __eqdf2
                0x0000000008000590                __nedf2
                0x000000000800060c                __aeabi_cdrcmple
                0x000000000800061c                __aeabi_cdcmple
                0x000000000800061c                __aeabi_cdcmpeq
                0x000000000800062c                __aeabi_dcmpeq
                0x0000000008000640                __aeabi_dcmplt
                0x0000000008000654                __aeabi_dcmple
                0x0000000008000668                __aeabi_dcmpge
                0x000000000800067c                __aeabi_dcmpgt
 .text          0x0000000008000690       0x30 /Applications/STM32CubeIDE.app/Contents/Eclipse/plugins/com.st.stm32cube.ide.mcu.externaltools.gnu-tools-for-stm32.11.3.rel1.macos64_1.1.0.202305231506/tools/bin/../lib/gcc/arm-none-eabi/11.3.1/thumb/v7e-m+fp/hard/libgcc.a(_aeabi_uldivmod.o)
                0x0000000008000690                __aeabi_uldivmod
 .text          0x00000000080006c0      0x2c8 /Applications/STM32CubeIDE.app/Contents/Eclipse/plugins/com.st.stm32cube.ide.mcu.externaltools.gnu-tools-for-stm32.11.3.rel1.macos64_1.1.0.202305231506/tools/bin/../lib/gcc/arm-none-eabi/11.3.1/thumb/v7e-m+fp/hard/libgcc.a(_udivmoddi4.o)
                0x00000000080006c0                __udivmoddi4
 .text          0x0000000008000988        0x4 /Applications/STM32CubeIDE.app/Contents/Eclipse/plugins/com.st.stm32cube.ide.mcu.externaltools.gnu-tools-for-stm32.11.3.rel1.macos64_1.1.0.202305231506/tools/bin/../lib/gcc/arm-none-eabi/11.3.1/thumb/v7e-m+fp/hard/libgcc.a(_dvmd_tls.o)
                0x0000000008000988                __aeabi_ldiv0
                0x0000000008000988                __aeabi_idiv0
 *(.text*)
 .text.FEB_ADC_PollADC
                0x000000000800098c       0xe0 ./Core/Src/FEB_ADC.o
                0x000000000800098c                FEB_ADC_PollADC
 .text.FEB_ADC_Convert_Values
                0x0000000008000a6c       0x40 ./Core/Src/FEB_ADC.o
                0x0000000008000a6c                FEB_ADC_Convert_Values
 .text.FEB_ADC_Get_Voltage
                0x0000000008000aac       0x1c ./Core/Src/FEB_ADC.o
                0x0000000008000aac                FEB_ADC_Get_Voltage
 .text.FEB_ADC_Get_Current
                0x0000000008000ac8       0x1c ./Core/Src/FEB_ADC.o
                0x0000000008000ac8                FEB_ADC_Get_Current
 .text.FEB_ADC_Get_Temp1
                0x0000000008000ae4       0x1c ./Core/Src/FEB_ADC.o
                0x0000000008000ae4                FEB_ADC_Get_Temp1
 .text.FEB_ADC_Get_Temp2
                0x0000000008000b00       0x1c ./Core/Src/FEB_ADC.o
                0x0000000008000b00                FEB_ADC_Get_Temp2
 .text.FEB_ADC_Get_Temp3
                0x0000000008000b1c       0x1c ./Core/Src/FEB_ADC.o
                0x0000000008000b1c                FEB_ADC_Get_Temp3
 .text.FEB_ADC_Status
                0x0000000008000b38       0xe0 ./Core/Src/FEB_ADC.o
                0x0000000008000b38                FEB_ADC_Status
 .text.FEB_ADC_Select_Current
                0x0000000008000c18       0x40 ./Core/Src/FEB_ADC.o
                0x0000000008000c18                FEB_ADC_Select_Current
 .text.FEB_ADC_Select_Voltage
                0x0000000008000c58       0x40 ./Core/Src/FEB_ADC.o
                0x0000000008000c58                FEB_ADC_Select_Voltage
 .text.FEB_ADC_Select_Temp1
                0x0000000008000c98       0x40 ./Core/Src/FEB_ADC.o
                0x0000000008000c98                FEB_ADC_Select_Temp1
 .text.FEB_ADC_Select_Temp2
                0x0000000008000cd8       0x40 ./Core/Src/FEB_ADC.o
                0x0000000008000cd8                FEB_ADC_Select_Temp2
 .text.FEB_ADC_Select_Temp3
                0x0000000008000d18       0x40 ./Core/Src/FEB_ADC.o
                0x0000000008000d18                FEB_ADC_Select_Temp3
 .text.FEB_Charge_Action
                0x0000000008000d58        0xe ./Core/Src/FEB_Charge.o
                0x0000000008000d58                FEB_Charge_Action
 .text.FEB_Discharge_Action
                0x0000000008000d66        0xe ./Core/Src/FEB_Discharge.o
                0x0000000008000d66                FEB_Discharge_Action
 .text.FEB_Main_Setup
                0x0000000008000d74       0x20 ./Core/Src/FEB_Main.o
                0x0000000008000d74                FEB_Main_Setup
 .text.FEB_Main_Loop
                0x0000000008000d94       0x26 ./Core/Src/FEB_Main.o
                0x0000000008000d94                FEB_Main_Loop
 *fill*         0x0000000008000dba        0x2 
 .text.FEB_Relay_Charge_Open
                0x0000000008000dbc       0x18 ./Core/Src/FEB_Relay.o
                0x0000000008000dbc                FEB_Relay_Charge_Open
 .text.FEB_Relay_Charge_Close
                0x0000000008000dd4       0x18 ./Core/Src/FEB_Relay.o
                0x0000000008000dd4                FEB_Relay_Charge_Close
 .text.FEB_Relay_Discharge_Open
                0x0000000008000dec       0x18 ./Core/Src/FEB_Relay.o
                0x0000000008000dec                FEB_Relay_Discharge_Open
 .text.FEB_Relay_Discharge_Close
                0x0000000008000e04       0x18 ./Core/Src/FEB_Relay.o
                0x0000000008000e04                FEB_Relay_Discharge_Close
 .text.FEB_Relay_Safety_Open
                0x0000000008000e1c       0x18 ./Core/Src/FEB_Relay.o
                0x0000000008000e1c                FEB_Relay_Safety_Open
 .text.FEB_Relay_Safety_Close
                0x0000000008000e34       0x18 ./Core/Src/FEB_Relay.o
                0x0000000008000e34                FEB_Relay_Safety_Close
 .text.FEB_SM_Init
                0x0000000008000e4c       0x20 ./Core/Src/FEB_SM.o
                0x0000000008000e4c                FEB_SM_Init
 .text.FEB_SM_Get_Current_State
                0x0000000008000e6c       0x18 ./Core/Src/FEB_SM.o
                0x0000000008000e6c                FEB_SM_Get_Current_State
 .text.FEB_SM_Set_Current_State
                0x0000000008000e84       0x78 ./Core/Src/FEB_SM.o
                0x0000000008000e84                FEB_SM_Set_Current_State
 .text.idle_to_charge
                0x0000000008000efc       0x10 ./Core/Src/FEB_SM.o
 .text.idle_to_discharge
                0x0000000008000f0c       0x10 ./Core/Src/FEB_SM.o
 .text.charge_to_discharge
                0x0000000008000f1c       0x10 ./Core/Src/FEB_SM.o
 .text.discharge_to_charge
                0x0000000008000f2c       0x10 ./Core/Src/FEB_SM.o
 .text.shutdown
                0x0000000008000f3c       0x14 ./Core/Src/FEB_SM.o
 .text.FEB_TIM_Start_Timer
                0x0000000008000f50       0x14 ./Core/Src/FEB_TIM.o
                0x0000000008000f50                FEB_TIM_Start_Timer
 .text.HAL_TIM_PeriodElapsedCallback
                0x0000000008000f64       0x20 ./Core/Src/FEB_TIM.o
                0x0000000008000f64                HAL_TIM_PeriodElapsedCallback
 .text.main     0x0000000008000f84       0x26 ./Core/Src/main.o
                0x0000000008000f84                main
 *fill*         0x0000000008000faa        0x2 
 .text.SystemClock_Config
                0x0000000008000fac       0xc0 ./Core/Src/main.o
                0x0000000008000fac                SystemClock_Config
 .text.MX_ADC1_Init
                0x000000000800106c      0x114 ./Core/Src/main.o
 .text.MX_TIM13_Init
                0x0000000008001180       0x48 ./Core/Src/main.o
 .text.MX_USART2_UART_Init
                0x00000000080011c8       0x54 ./Core/Src/main.o
 .text.MX_GPIO_Init
                0x000000000800121c       0xb0 ./Core/Src/main.o
 .text.Error_Handler
                0x00000000080012cc        0xa ./Core/Src/main.o
                0x00000000080012cc                Error_Handler
 *fill*         0x00000000080012d6        0x2 
 .text.HAL_MspInit
                0x00000000080012d8       0x50 ./Core/Src/stm32f4xx_hal_msp.o
                0x00000000080012d8                HAL_MspInit
 .text.HAL_ADC_MspInit
                0x0000000008001328       0xc0 ./Core/Src/stm32f4xx_hal_msp.o
                0x0000000008001328                HAL_ADC_MspInit
 .text.HAL_TIM_Base_MspInit
                0x00000000080013e8       0x50 ./Core/Src/stm32f4xx_hal_msp.o
                0x00000000080013e8                HAL_TIM_Base_MspInit
 .text.HAL_UART_MspInit
                0x0000000008001438       0x90 ./Core/Src/stm32f4xx_hal_msp.o
                0x0000000008001438                HAL_UART_MspInit
 .text.NMI_Handler
                0x00000000080014c8        0x6 ./Core/Src/stm32f4xx_it.o
                0x00000000080014c8                NMI_Handler
 .text.HardFault_Handler
                0x00000000080014ce        0x6 ./Core/Src/stm32f4xx_it.o
                0x00000000080014ce                HardFault_Handler
 .text.MemManage_Handler
                0x00000000080014d4        0x6 ./Core/Src/stm32f4xx_it.o
                0x00000000080014d4                MemManage_Handler
 .text.BusFault_Handler
                0x00000000080014da        0x6 ./Core/Src/stm32f4xx_it.o
                0x00000000080014da                BusFault_Handler
 .text.UsageFault_Handler
                0x00000000080014e0        0x6 ./Core/Src/stm32f4xx_it.o
                0x00000000080014e0                UsageFault_Handler
 .text.SVC_Handler
                0x00000000080014e6        0xe ./Core/Src/stm32f4xx_it.o
                0x00000000080014e6                SVC_Handler
 .text.DebugMon_Handler
                0x00000000080014f4        0xe ./Core/Src/stm32f4xx_it.o
                0x00000000080014f4                DebugMon_Handler
 .text.PendSV_Handler
                0x0000000008001502        0xe ./Core/Src/stm32f4xx_it.o
                0x0000000008001502                PendSV_Handler
 .text.SysTick_Handler
                0x0000000008001510        0xc ./Core/Src/stm32f4xx_it.o
                0x0000000008001510                SysTick_Handler
 .text.TIM8_UP_TIM13_IRQHandler
                0x000000000800151c       0x14 ./Core/Src/stm32f4xx_it.o
                0x000000000800151c                TIM8_UP_TIM13_IRQHandler
 .text.SystemInit
                0x0000000008001530       0x24 ./Core/Src/system_stm32f4xx.o
                0x0000000008001530                SystemInit
 .text.Reset_Handler
                0x0000000008001554       0x50 ./Core/Startup/startup_stm32f446retx.o
                0x0000000008001554                Reset_Handler
 .text.Default_Handler
                0x00000000080015a4        0x2 ./Core/Startup/startup_stm32f446retx.o
                0x00000000080015a4                DMA1_Stream3_IRQHandler
                0x00000000080015a4                EXTI2_IRQHandler
                0x00000000080015a4                TIM8_CC_IRQHandler
                0x00000000080015a4                FMPI2C1_EV_IRQHandler
                0x00000000080015a4                SPI4_IRQHandler
                0x00000000080015a4                TIM1_CC_IRQHandler
                0x00000000080015a4                DMA2_Stream5_IRQHandler
                0x00000000080015a4                DMA1_Stream5_IRQHandler
                0x00000000080015a4                PVD_IRQHandler
                0x00000000080015a4                SDIO_IRQHandler
                0x00000000080015a4                TAMP_STAMP_IRQHandler
                0x00000000080015a4                CAN2_RX1_IRQHandler
                0x00000000080015a4                EXTI3_IRQHandler
                0x00000000080015a4                TIM8_TRG_COM_TIM14_IRQHandler
                0x00000000080015a4                TIM1_UP_TIM10_IRQHandler
                0x00000000080015a4                I2C3_ER_IRQHandler
                0x00000000080015a4                EXTI0_IRQHandler
                0x00000000080015a4                I2C2_EV_IRQHandler
                0x00000000080015a4                DMA1_Stream2_IRQHandler
                0x00000000080015a4                CAN1_RX0_IRQHandler
                0x00000000080015a4                FPU_IRQHandler
                0x00000000080015a4                OTG_HS_WKUP_IRQHandler
                0x00000000080015a4                CAN2_SCE_IRQHandler
                0x00000000080015a4                DMA2_Stream2_IRQHandler
                0x00000000080015a4                SPI1_IRQHandler
                0x00000000080015a4                TIM6_DAC_IRQHandler
                0x00000000080015a4                TIM1_BRK_TIM9_IRQHandler
                0x00000000080015a4                DCMI_IRQHandler
                0x00000000080015a4                CAN2_RX0_IRQHandler
                0x00000000080015a4                DMA2_Stream3_IRQHandler
                0x00000000080015a4                SAI2_IRQHandler
                0x00000000080015a4                USART6_IRQHandler
                0x00000000080015a4                USART3_IRQHandler
                0x00000000080015a4                CAN1_RX1_IRQHandler
                0x00000000080015a4                UART5_IRQHandler
                0x00000000080015a4                DMA2_Stream0_IRQHandler
                0x00000000080015a4                TIM4_IRQHandler
                0x00000000080015a4                QUADSPI_IRQHandler
                0x00000000080015a4                I2C1_EV_IRQHandler
                0x00000000080015a4                DMA1_Stream6_IRQHandler
                0x00000000080015a4                DMA1_Stream1_IRQHandler
                0x00000000080015a4                UART4_IRQHandler
                0x00000000080015a4                TIM3_IRQHandler
                0x00000000080015a4                RCC_IRQHandler
                0x00000000080015a4                TIM8_BRK_TIM12_IRQHandler
                0x00000000080015a4                Default_Handler
                0x00000000080015a4                CEC_IRQHandler
                0x00000000080015a4                EXTI15_10_IRQHandler
                0x00000000080015a4                ADC_IRQHandler
                0x00000000080015a4                DMA1_Stream7_IRQHandler
                0x00000000080015a4                TIM7_IRQHandler
                0x00000000080015a4                CAN2_TX_IRQHandler
                0x00000000080015a4                TIM5_IRQHandler
                0x00000000080015a4                DMA2_Stream7_IRQHandler
                0x00000000080015a4                I2C3_EV_IRQHandler
                0x00000000080015a4                EXTI9_5_IRQHandler
                0x00000000080015a4                RTC_WKUP_IRQHandler
                0x00000000080015a4                SPDIF_RX_IRQHandler
                0x00000000080015a4                SPI2_IRQHandler
                0x00000000080015a4                OTG_HS_EP1_IN_IRQHandler
                0x00000000080015a4                DMA1_Stream0_IRQHandler
                0x00000000080015a4                CAN1_TX_IRQHandler
                0x00000000080015a4                FMPI2C1_ER_IRQHandler
                0x00000000080015a4                EXTI4_IRQHandler
                0x00000000080015a4                OTG_HS_EP1_OUT_IRQHandler
                0x00000000080015a4                WWDG_IRQHandler
                0x00000000080015a4                TIM2_IRQHandler
                0x00000000080015a4                OTG_FS_WKUP_IRQHandler
                0x00000000080015a4                TIM1_TRG_COM_TIM11_IRQHandler
                0x00000000080015a4                OTG_HS_IRQHandler
                0x00000000080015a4                EXTI1_IRQHandler
                0x00000000080015a4                USART2_IRQHandler
                0x00000000080015a4                I2C2_ER_IRQHandler
                0x00000000080015a4                DMA2_Stream1_IRQHandler
                0x00000000080015a4                CAN1_SCE_IRQHandler
                0x00000000080015a4                FLASH_IRQHandler
                0x00000000080015a4                DMA2_Stream4_IRQHandler
                0x00000000080015a4                USART1_IRQHandler
                0x00000000080015a4                OTG_FS_IRQHandler
                0x00000000080015a4                SPI3_IRQHandler
                0x00000000080015a4                DMA1_Stream4_IRQHandler
                0x00000000080015a4                I2C1_ER_IRQHandler
                0x00000000080015a4                FMC_IRQHandler
                0x00000000080015a4                DMA2_Stream6_IRQHandler
                0x00000000080015a4                SAI1_IRQHandler
                0x00000000080015a4                RTC_Alarm_IRQHandler
 *fill*         0x00000000080015a6        0x2 
 .text.HAL_Init
                0x00000000080015a8       0x44 ./Drivers/STM32F4xx_HAL_Driver/Src/stm32f4xx_hal.o
                0x00000000080015a8                HAL_Init
 .text.HAL_InitTick
                0x00000000080015ec       0x60 ./Drivers/STM32F4xx_HAL_Driver/Src/stm32f4xx_hal.o
                0x00000000080015ec                HAL_InitTick
 .text.HAL_IncTick
                0x000000000800164c       0x28 ./Drivers/STM32F4xx_HAL_Driver/Src/stm32f4xx_hal.o
                0x000000000800164c                HAL_IncTick
 .text.HAL_GetTick
                0x0000000008001674       0x18 ./Drivers/STM32F4xx_HAL_Driver/Src/stm32f4xx_hal.o
                0x0000000008001674                HAL_GetTick
 .text.HAL_ADC_Init
                0x000000000800168c       0x86 ./Drivers/STM32F4xx_HAL_Driver/Src/stm32f4xx_hal_adc.o
                0x000000000800168c                HAL_ADC_Init
 *fill*         0x0000000008001712        0x2 
 .text.HAL_ADC_Start
                0x0000000008001714      0x1a4 ./Drivers/STM32F4xx_HAL_Driver/Src/stm32f4xx_hal_adc.o
                0x0000000008001714                HAL_ADC_Start
 .text.HAL_ADC_Stop
                0x00000000080018b8       0x66 ./Drivers/STM32F4xx_HAL_Driver/Src/stm32f4xx_hal_adc.o
                0x00000000080018b8                HAL_ADC_Stop
 .text.HAL_ADC_PollForConversion
                0x000000000800191e      0x116 ./Drivers/STM32F4xx_HAL_Driver/Src/stm32f4xx_hal_adc.o
                0x000000000800191e                HAL_ADC_PollForConversion
 .text.HAL_ADC_GetValue
                0x0000000008001a34       0x1a ./Drivers/STM32F4xx_HAL_Driver/Src/stm32f4xx_hal_adc.o
                0x0000000008001a34                HAL_ADC_GetValue
 *fill*         0x0000000008001a4e        0x2 
 .text.HAL_ADC_ConfigChannel
                0x0000000008001a50      0x264 ./Drivers/STM32F4xx_HAL_Driver/Src/stm32f4xx_hal_adc.o
                0x0000000008001a50                HAL_ADC_ConfigChannel
 .text.ADC_Init
                0x0000000008001cb4      0x1f8 ./Drivers/STM32F4xx_HAL_Driver/Src/stm32f4xx_hal_adc.o
 .text.__NVIC_SetPriorityGrouping
                0x0000000008001eac       0x48 ./Drivers/STM32F4xx_HAL_Driver/Src/stm32f4xx_hal_cortex.o
 .text.__NVIC_GetPriorityGrouping
                0x0000000008001ef4       0x1c ./Drivers/STM32F4xx_HAL_Driver/Src/stm32f4xx_hal_cortex.o
 .text.__NVIC_EnableIRQ
                0x0000000008001f10       0x3c ./Drivers/STM32F4xx_HAL_Driver/Src/stm32f4xx_hal_cortex.o
 .text.__NVIC_SetPriority
                0x0000000008001f4c       0x54 ./Drivers/STM32F4xx_HAL_Driver/Src/stm32f4xx_hal_cortex.o
 .text.NVIC_EncodePriority
                0x0000000008001fa0       0x66 ./Drivers/STM32F4xx_HAL_Driver/Src/stm32f4xx_hal_cortex.o
 *fill*         0x0000000008002006        0x2 
 .text.SysTick_Config
                0x0000000008002008       0x44 ./Drivers/STM32F4xx_HAL_Driver/Src/stm32f4xx_hal_cortex.o
 .text.HAL_NVIC_SetPriorityGrouping
                0x000000000800204c       0x16 ./Drivers/STM32F4xx_HAL_Driver/Src/stm32f4xx_hal_cortex.o
                0x000000000800204c                HAL_NVIC_SetPriorityGrouping
 .text.HAL_NVIC_SetPriority
                0x0000000008002062       0x38 ./Drivers/STM32F4xx_HAL_Driver/Src/stm32f4xx_hal_cortex.o
                0x0000000008002062                HAL_NVIC_SetPriority
 .text.HAL_NVIC_EnableIRQ
                0x000000000800209a       0x1c ./Drivers/STM32F4xx_HAL_Driver/Src/stm32f4xx_hal_cortex.o
                0x000000000800209a                HAL_NVIC_EnableIRQ
 .text.HAL_SYSTICK_Config
                0x00000000080020b6       0x18 ./Drivers/STM32F4xx_HAL_Driver/Src/stm32f4xx_hal_cortex.o
                0x00000000080020b6                HAL_SYSTICK_Config
 *fill*         0x00000000080020ce        0x2 
 .text.HAL_GPIO_Init
                0x00000000080020d0      0x328 ./Drivers/STM32F4xx_HAL_Driver/Src/stm32f4xx_hal_gpio.o
                0x00000000080020d0                HAL_GPIO_Init
 .text.HAL_GPIO_WritePin
                0x00000000080023f8       0x32 ./Drivers/STM32F4xx_HAL_Driver/Src/stm32f4xx_hal_gpio.o
                0x00000000080023f8                HAL_GPIO_WritePin
 *fill*         0x000000000800242a        0x2 
 .text.HAL_RCC_ClockConfig
                0x000000000800242c      0x1cc ./Drivers/STM32F4xx_HAL_Driver/Src/stm32f4xx_hal_rcc.o
                0x000000000800242c                HAL_RCC_ClockConfig
 .text.HAL_RCC_GetHCLKFreq
                0x00000000080025f8       0x18 ./Drivers/STM32F4xx_HAL_Driver/Src/stm32f4xx_hal_rcc.o
                0x00000000080025f8                HAL_RCC_GetHCLKFreq
 .text.HAL_RCC_GetPCLK1Freq
                0x0000000008002610       0x28 ./Drivers/STM32F4xx_HAL_Driver/Src/stm32f4xx_hal_rcc.o
                0x0000000008002610                HAL_RCC_GetPCLK1Freq
 .text.HAL_RCC_GetPCLK2Freq
                0x0000000008002638       0x28 ./Drivers/STM32F4xx_HAL_Driver/Src/stm32f4xx_hal_rcc.o
                0x0000000008002638                HAL_RCC_GetPCLK2Freq
 .text.HAL_RCC_GetSysClockFreq
                0x0000000008002660      0x354 ./Drivers/STM32F4xx_HAL_Driver/Src/stm32f4xx_hal_rcc_ex.o
                0x0000000008002660                HAL_RCC_GetSysClockFreq
 .text.HAL_RCC_OscConfig
                0x00000000080029b4      0x53c ./Drivers/STM32F4xx_HAL_Driver/Src/stm32f4xx_hal_rcc_ex.o
                0x00000000080029b4                HAL_RCC_OscConfig
 .text.HAL_TIM_Base_Init
                0x0000000008002ef0       0x9e ./Drivers/STM32F4xx_HAL_Driver/Src/stm32f4xx_hal_tim.o
                0x0000000008002ef0                HAL_TIM_Base_Init
 *fill*         0x0000000008002f8e        0x2 
 .text.HAL_TIM_Base_Start_IT
                0x0000000008002f90       0xe0 ./Drivers/STM32F4xx_HAL_Driver/Src/stm32f4xx_hal_tim.o
                0x0000000008002f90                HAL_TIM_Base_Start_IT
 .text.HAL_TIM_IRQHandler
                0x0000000008003070      0x210 ./Drivers/STM32F4xx_HAL_Driver/Src/stm32f4xx_hal_tim.o
                0x0000000008003070                HAL_TIM_IRQHandler
 .text.HAL_TIM_OC_DelayElapsedCallback
                0x0000000008003280       0x14 ./Drivers/STM32F4xx_HAL_Driver/Src/stm32f4xx_hal_tim.o
                0x0000000008003280                HAL_TIM_OC_DelayElapsedCallback
 .text.HAL_TIM_IC_CaptureCallback
                0x0000000008003294       0x14 ./Drivers/STM32F4xx_HAL_Driver/Src/stm32f4xx_hal_tim.o
                0x0000000008003294                HAL_TIM_IC_CaptureCallback
 .text.HAL_TIM_PWM_PulseFinishedCallback
                0x00000000080032a8       0x14 ./Drivers/STM32F4xx_HAL_Driver/Src/stm32f4xx_hal_tim.o
                0x00000000080032a8                HAL_TIM_PWM_PulseFinishedCallback
 .text.HAL_TIM_TriggerCallback
                0x00000000080032bc       0x14 ./Drivers/STM32F4xx_HAL_Driver/Src/stm32f4xx_hal_tim.o
                0x00000000080032bc                HAL_TIM_TriggerCallback
 .text.TIM_Base_SetConfig
                0x00000000080032d0      0x140 ./Drivers/STM32F4xx_HAL_Driver/Src/stm32f4xx_hal_tim.o
                0x00000000080032d0                TIM_Base_SetConfig
 .text.HAL_TIMEx_CommutCallback
                0x0000000008003410       0x14 ./Drivers/STM32F4xx_HAL_Driver/Src/stm32f4xx_hal_tim_ex.o
                0x0000000008003410                HAL_TIMEx_CommutCallback
 .text.HAL_TIMEx_BreakCallback
                0x0000000008003424       0x14 ./Drivers/STM32F4xx_HAL_Driver/Src/stm32f4xx_hal_tim_ex.o
                0x0000000008003424                HAL_TIMEx_BreakCallback
 .text.HAL_UART_Init
                0x0000000008003438       0x9a ./Drivers/STM32F4xx_HAL_Driver/Src/stm32f4xx_hal_uart.o
                0x0000000008003438                HAL_UART_Init
 *fill*         0x00000000080034d2        0x2 
 .text.UART_SetConfig
                0x00000000080034d4      0x4e8 ./Drivers/STM32F4xx_HAL_Driver/Src/stm32f4xx_hal_uart.o
 .text.memset   0x00000000080039bc       0x10 /Applications/STM32CubeIDE.app/Contents/Eclipse/plugins/com.st.stm32cube.ide.mcu.externaltools.gnu-tools-for-stm32.11.3.rel1.macos64_1.1.0.202305231506/tools/bin/../lib/gcc/arm-none-eabi/11.3.1/../../../../arm-none-eabi/lib/thumb/v7e-m+fp/hard/libc_nano.a(libc_a-memset.o)
                0x00000000080039bc                memset
 .text.__libc_init_array
                0x00000000080039cc       0x48 /Applications/STM32CubeIDE.app/Contents/Eclipse/plugins/com.st.stm32cube.ide.mcu.externaltools.gnu-tools-for-stm32.11.3.rel1.macos64_1.1.0.202305231506/tools/bin/../lib/gcc/arm-none-eabi/11.3.1/../../../../arm-none-eabi/lib/thumb/v7e-m+fp/hard/libc_nano.a(libc_a-init.o)
                0x00000000080039cc                __libc_init_array
 *(.glue_7)
 .glue_7        0x0000000008003a14        0x0 linker stubs
 *(.glue_7t)
 .glue_7t       0x0000000008003a14        0x0 linker stubs
 *(.eh_frame)
 .eh_frame      0x0000000008003a14        0x0 /Applications/STM32CubeIDE.app/Contents/Eclipse/plugins/com.st.stm32cube.ide.mcu.externaltools.gnu-tools-for-stm32.11.3.rel1.macos64_1.1.0.202305231506/tools/bin/../lib/gcc/arm-none-eabi/11.3.1/thumb/v7e-m+fp/hard/crtbegin.o
 *(.init)
 .init          0x0000000008003a14        0x4 /Applications/STM32CubeIDE.app/Contents/Eclipse/plugins/com.st.stm32cube.ide.mcu.externaltools.gnu-tools-for-stm32.11.3.rel1.macos64_1.1.0.202305231506/tools/bin/../lib/gcc/arm-none-eabi/11.3.1/thumb/v7e-m+fp/hard/crti.o
                0x0000000008003a14                _init
 .init          0x0000000008003a18        0x8 /Applications/STM32CubeIDE.app/Contents/Eclipse/plugins/com.st.stm32cube.ide.mcu.externaltools.gnu-tools-for-stm32.11.3.rel1.macos64_1.1.0.202305231506/tools/bin/../lib/gcc/arm-none-eabi/11.3.1/thumb/v7e-m+fp/hard/crtn.o
 *(.fini)
 .fini          0x0000000008003a20        0x4 /Applications/STM32CubeIDE.app/Contents/Eclipse/plugins/com.st.stm32cube.ide.mcu.externaltools.gnu-tools-for-stm32.11.3.rel1.macos64_1.1.0.202305231506/tools/bin/../lib/gcc/arm-none-eabi/11.3.1/thumb/v7e-m+fp/hard/crti.o
                0x0000000008003a20                _fini
 .fini          0x0000000008003a24        0x8 /Applications/STM32CubeIDE.app/Contents/Eclipse/plugins/com.st.stm32cube.ide.mcu.externaltools.gnu-tools-for-stm32.11.3.rel1.macos64_1.1.0.202305231506/tools/bin/../lib/gcc/arm-none-eabi/11.3.1/thumb/v7e-m+fp/hard/crtn.o
                0x0000000008003a2c                . = ALIGN (0x4)
                0x0000000008003a2c                _etext = .

.vfp11_veneer   0x0000000008003a2c        0x0
 .vfp11_veneer  0x0000000008003a2c        0x0 linker stubs

.v4_bx          0x0000000008003a2c        0x0
 .v4_bx         0x0000000008003a2c        0x0 linker stubs

.iplt           0x0000000008003a2c        0x0
 .iplt          0x0000000008003a2c        0x0 /Applications/STM32CubeIDE.app/Contents/Eclipse/plugins/com.st.stm32cube.ide.mcu.externaltools.gnu-tools-for-stm32.11.3.rel1.macos64_1.1.0.202305231506/tools/bin/../lib/gcc/arm-none-eabi/11.3.1/thumb/v7e-m+fp/hard/crtbegin.o

.rodata         0x0000000008003a2c       0x18
                0x0000000008003a2c                . = ALIGN (0x4)
 *(.rodata)
 *(.rodata*)
 .rodata.AHBPrescTable
                0x0000000008003a2c       0x10 ./Core/Src/system_stm32f4xx.o
                0x0000000008003a2c                AHBPrescTable
 .rodata.APBPrescTable
                0x0000000008003a3c        0x8 ./Core/Src/system_stm32f4xx.o
                0x0000000008003a3c                APBPrescTable
                0x0000000008003a44                . = ALIGN (0x4)

.ARM.extab      0x0000000008003a44        0x0
                0x0000000008003a44                . = ALIGN (0x4)
 *(.ARM.extab* .gnu.linkonce.armextab.*)
                0x0000000008003a44                . = ALIGN (0x4)

.ARM            0x0000000008003a44        0x8
                0x0000000008003a44                . = ALIGN (0x4)
                0x0000000008003a44                __exidx_start = .
 *(.ARM.exidx*)
 .ARM.exidx     0x0000000008003a44        0x8 /Applications/STM32CubeIDE.app/Contents/Eclipse/plugins/com.st.stm32cube.ide.mcu.externaltools.gnu-tools-for-stm32.11.3.rel1.macos64_1.1.0.202305231506/tools/bin/../lib/gcc/arm-none-eabi/11.3.1/thumb/v7e-m+fp/hard/libgcc.a(_udivmoddi4.o)
                0x0000000008003a4c                __exidx_end = .
                0x0000000008003a4c                . = ALIGN (0x4)

.rel.dyn        0x0000000008003a4c        0x0
 .rel.iplt      0x0000000008003a4c        0x0 /Applications/STM32CubeIDE.app/Contents/Eclipse/plugins/com.st.stm32cube.ide.mcu.externaltools.gnu-tools-for-stm32.11.3.rel1.macos64_1.1.0.202305231506/tools/bin/../lib/gcc/arm-none-eabi/11.3.1/thumb/v7e-m+fp/hard/crtbegin.o

.preinit_array  0x0000000008003a4c        0x0
                0x0000000008003a4c                . = ALIGN (0x4)
                0x0000000008003a4c                PROVIDE (__preinit_array_start = .)
 *(.preinit_array*)
                0x0000000008003a4c                PROVIDE (__preinit_array_end = .)
                0x0000000008003a4c                . = ALIGN (0x4)

.init_array     0x0000000008003a4c        0x4
                0x0000000008003a4c                . = ALIGN (0x4)
                0x0000000008003a4c                PROVIDE (__init_array_start = .)
 *(SORT_BY_NAME(.init_array.*))
 *(.init_array*)
 .init_array    0x0000000008003a4c        0x4 /Applications/STM32CubeIDE.app/Contents/Eclipse/plugins/com.st.stm32cube.ide.mcu.externaltools.gnu-tools-for-stm32.11.3.rel1.macos64_1.1.0.202305231506/tools/bin/../lib/gcc/arm-none-eabi/11.3.1/thumb/v7e-m+fp/hard/crtbegin.o
                0x0000000008003a50                PROVIDE (__init_array_end = .)
                0x0000000008003a50                . = ALIGN (0x4)

.fini_array     0x0000000008003a50        0x4
                0x0000000008003a50                . = ALIGN (0x4)
                [!provide]                        PROVIDE (__fini_array_start = .)
 *(SORT_BY_NAME(.fini_array.*))
 *(.fini_array*)
 .fini_array    0x0000000008003a50        0x4 /Applications/STM32CubeIDE.app/Contents/Eclipse/plugins/com.st.stm32cube.ide.mcu.externaltools.gnu-tools-for-stm32.11.3.rel1.macos64_1.1.0.202305231506/tools/bin/../lib/gcc/arm-none-eabi/11.3.1/thumb/v7e-m+fp/hard/crtbegin.o
                [!provide]                        PROVIDE (__fini_array_end = .)
                0x0000000008003a54                . = ALIGN (0x4)
                0x0000000008003a54                _sidata = LOADADDR (.data)

.data           0x0000000020000000       0x54 load address 0x0000000008003a54
                0x0000000020000000                . = ALIGN (0x4)
                0x0000000020000000                _sdata = .
 *(.data)
 *(.data*)
 .data.transitions
                0x0000000020000000       0x48 ./Core/Src/FEB_SM.o
 .data.SystemCoreClock
                0x0000000020000048        0x4 ./Core/Src/system_stm32f4xx.o
                0x0000000020000048                SystemCoreClock
 .data.uwTickPrio
                0x000000002000004c        0x4 ./Drivers/STM32F4xx_HAL_Driver/Src/stm32f4xx_hal.o
                0x000000002000004c                uwTickPrio
 .data.uwTickFreq
                0x0000000020000050        0x1 ./Drivers/STM32F4xx_HAL_Driver/Src/stm32f4xx_hal.o
                0x0000000020000050                uwTickFreq
 *(.RamFunc)
 *(.RamFunc*)
                0x0000000020000054                . = ALIGN (0x4)
 *fill*         0x0000000020000051        0x3 
                0x0000000020000054                _edata = .

.igot.plt       0x0000000020000054        0x0 load address 0x0000000008003aa8
 .igot.plt      0x0000000020000054        0x0 /Applications/STM32CubeIDE.app/Contents/Eclipse/plugins/com.st.stm32cube.ide.mcu.externaltools.gnu-tools-for-stm32.11.3.rel1.macos64_1.1.0.202305231506/tools/bin/../lib/gcc/arm-none-eabi/11.3.1/thumb/v7e-m+fp/hard/crtbegin.o
                0x0000000020000054                . = ALIGN (0x4)

.bss            0x0000000020000054      0x114 load address 0x0000000008003aa8
                0x0000000020000054                _sbss = .
                0x0000000020000054                __bss_start__ = _sbss
 *(.bss)
 .bss           0x0000000020000054       0x1c /Applications/STM32CubeIDE.app/Contents/Eclipse/plugins/com.st.stm32cube.ide.mcu.externaltools.gnu-tools-for-stm32.11.3.rel1.macos64_1.1.0.202305231506/tools/bin/../lib/gcc/arm-none-eabi/11.3.1/thumb/v7e-m+fp/hard/crtbegin.o
 *(.bss*)
 .bss.battery   0x0000000020000070       0x14 ./Core/Src/FEB_ADC.o
 .bss.adc_val   0x0000000020000084        0xa ./Core/Src/FEB_ADC.o
 .bss.curr_state
                0x000000002000008e        0x1 ./Core/Src/FEB_SM.o
 *fill*         0x000000002000008f        0x1 
 .bss.hadc1     0x0000000020000090       0x48 ./Core/Src/main.o
                0x0000000020000090                hadc1
 .bss.htim13    0x00000000200000d8       0x48 ./Core/Src/main.o
                0x00000000200000d8                htim13
 .bss.huart2    0x0000000020000120       0x44 ./Core/Src/main.o
                0x0000000020000120                huart2
 .bss.uwTick    0x0000000020000164        0x4 ./Drivers/STM32F4xx_HAL_Driver/Src/stm32f4xx_hal.o
                0x0000000020000164                uwTick
 *(COMMON)
                0x0000000020000168                . = ALIGN (0x4)
                0x0000000020000168                _ebss = .
                0x0000000020000168                __bss_end__ = _ebss

._user_heap_stack
                0x0000000020000168      0x600 load address 0x0000000008003aa8
                0x0000000020000168                . = ALIGN (0x8)
                [!provide]                        PROVIDE (end = .)
                0x0000000020000168                PROVIDE (_end = .)
                0x0000000020000368                . = (. + _Min_Heap_Size)
 *fill*         0x0000000020000168      0x200 
                0x0000000020000768                . = (. + _Min_Stack_Size)
 *fill*         0x0000000020000368      0x400 
                0x0000000020000768                . = ALIGN (0x8)

/DISCARD/
 libc.a(*)
 libm.a(*)
 libgcc.a(*)

.ARM.attributes
                0x0000000000000000       0x30
 *(.ARM.attributes)
 .ARM.attributes
                0x0000000000000000       0x1e /Applications/STM32CubeIDE.app/Contents/Eclipse/plugins/com.st.stm32cube.ide.mcu.externaltools.gnu-tools-for-stm32.11.3.rel1.macos64_1.1.0.202305231506/tools/bin/../lib/gcc/arm-none-eabi/11.3.1/thumb/v7e-m+fp/hard/crti.o
 .ARM.attributes
                0x000000000000001e       0x34 /Applications/STM32CubeIDE.app/Contents/Eclipse/plugins/com.st.stm32cube.ide.mcu.externaltools.gnu-tools-for-stm32.11.3.rel1.macos64_1.1.0.202305231506/tools/bin/../lib/gcc/arm-none-eabi/11.3.1/thumb/v7e-m+fp/hard/crtbegin.o
 .ARM.attributes
                0x0000000000000052       0x34 ./Core/Src/FEB_ADC.o
 .ARM.attributes
                0x0000000000000086       0x34 ./Core/Src/FEB_Charge.o
 .ARM.attributes
                0x00000000000000ba       0x34 ./Core/Src/FEB_Discharge.o
 .ARM.attributes
                0x00000000000000ee       0x34 ./Core/Src/FEB_Main.o
 .ARM.attributes
                0x0000000000000122       0x34 ./Core/Src/FEB_Relay.o
 .ARM.attributes
                0x0000000000000156       0x34 ./Core/Src/FEB_SM.o
 .ARM.attributes
                0x000000000000018a       0x34 ./Core/Src/FEB_TIM.o
 .ARM.attributes
                0x00000000000001be       0x34 ./Core/Src/main.o
 .ARM.attributes
                0x00000000000001f2       0x34 ./Core/Src/stm32f4xx_hal_msp.o
 .ARM.attributes
                0x0000000000000226       0x34 ./Core/Src/stm32f4xx_it.o
 .ARM.attributes
                0x000000000000025a       0x34 ./Core/Src/system_stm32f4xx.o
 .ARM.attributes
                0x000000000000028e       0x21 ./Core/Startup/startup_stm32f446retx.o
 .ARM.attributes
                0x00000000000002af       0x34 ./Drivers/STM32F4xx_HAL_Driver/Src/stm32f4xx_hal.o
 .ARM.attributes
                0x00000000000002e3       0x34 ./Drivers/STM32F4xx_HAL_Driver/Src/stm32f4xx_hal_adc.o
 .ARM.attributes
                0x0000000000000317       0x34 ./Drivers/STM32F4xx_HAL_Driver/Src/stm32f4xx_hal_cortex.o
 .ARM.attributes
                0x000000000000034b       0x34 ./Drivers/STM32F4xx_HAL_Driver/Src/stm32f4xx_hal_gpio.o
 .ARM.attributes
                0x000000000000037f       0x34 ./Drivers/STM32F4xx_HAL_Driver/Src/stm32f4xx_hal_rcc.o
 .ARM.attributes
                0x00000000000003b3       0x34 ./Drivers/STM32F4xx_HAL_Driver/Src/stm32f4xx_hal_rcc_ex.o
 .ARM.attributes
                0x00000000000003e7       0x34 ./Drivers/STM32F4xx_HAL_Driver/Src/stm32f4xx_hal_tim.o
 .ARM.attributes
                0x000000000000041b       0x34 ./Drivers/STM32F4xx_HAL_Driver/Src/stm32f4xx_hal_tim_ex.o
 .ARM.attributes
                0x000000000000044f       0x34 ./Drivers/STM32F4xx_HAL_Driver/Src/stm32f4xx_hal_uart.o
 .ARM.attributes
                0x0000000000000483       0x34 /Applications/STM32CubeIDE.app/Contents/Eclipse/plugins/com.st.stm32cube.ide.mcu.externaltools.gnu-tools-for-stm32.11.3.rel1.macos64_1.1.0.202305231506/tools/bin/../lib/gcc/arm-none-eabi/11.3.1/../../../../arm-none-eabi/lib/thumb/v7e-m+fp/hard/libc_nano.a(libc_a-memset.o)
 .ARM.attributes
                0x00000000000004b7       0x34 /Applications/STM32CubeIDE.app/Contents/Eclipse/plugins/com.st.stm32cube.ide.mcu.externaltools.gnu-tools-for-stm32.11.3.rel1.macos64_1.1.0.202305231506/tools/bin/../lib/gcc/arm-none-eabi/11.3.1/../../../../arm-none-eabi/lib/thumb/v7e-m+fp/hard/libc_nano.a(libc_a-init.o)
 .ARM.attributes
                0x00000000000004eb       0x1e /Applications/STM32CubeIDE.app/Contents/Eclipse/plugins/com.st.stm32cube.ide.mcu.externaltools.gnu-tools-for-stm32.11.3.rel1.macos64_1.1.0.202305231506/tools/bin/../lib/gcc/arm-none-eabi/11.3.1/thumb/v7e-m+fp/hard/libgcc.a(_arm_addsubdf3.o)
 .ARM.attributes
                0x0000000000000509       0x1e /Applications/STM32CubeIDE.app/Contents/Eclipse/plugins/com.st.stm32cube.ide.mcu.externaltools.gnu-tools-for-stm32.11.3.rel1.macos64_1.1.0.202305231506/tools/bin/../lib/gcc/arm-none-eabi/11.3.1/thumb/v7e-m+fp/hard/libgcc.a(_arm_cmpdf2.o)
 .ARM.attributes
                0x0000000000000527       0x1e /Applications/STM32CubeIDE.app/Contents/Eclipse/plugins/com.st.stm32cube.ide.mcu.externaltools.gnu-tools-for-stm32.11.3.rel1.macos64_1.1.0.202305231506/tools/bin/../lib/gcc/arm-none-eabi/11.3.1/thumb/v7e-m+fp/hard/libgcc.a(_aeabi_uldivmod.o)
 .ARM.attributes
                0x0000000000000545       0x34 /Applications/STM32CubeIDE.app/Contents/Eclipse/plugins/com.st.stm32cube.ide.mcu.externaltools.gnu-tools-for-stm32.11.3.rel1.macos64_1.1.0.202305231506/tools/bin/../lib/gcc/arm-none-eabi/11.3.1/thumb/v7e-m+fp/hard/libgcc.a(_udivmoddi4.o)
 .ARM.attributes
                0x0000000000000579       0x1e /Applications/STM32CubeIDE.app/Contents/Eclipse/plugins/com.st.stm32cube.ide.mcu.externaltools.gnu-tools-for-stm32.11.3.rel1.macos64_1.1.0.202305231506/tools/bin/../lib/gcc/arm-none-eabi/11.3.1/thumb/v7e-m+fp/hard/libgcc.a(_dvmd_tls.o)
 .ARM.attributes
                0x0000000000000597       0x1e /Applications/STM32CubeIDE.app/Contents/Eclipse/plugins/com.st.stm32cube.ide.mcu.externaltools.gnu-tools-for-stm32.11.3.rel1.macos64_1.1.0.202305231506/tools/bin/../lib/gcc/arm-none-eabi/11.3.1/thumb/v7e-m+fp/hard/crtn.o
OUTPUT(SN4_Cell_Tester.elf elf32-littlearm)
LOAD linker stubs
LOAD /Applications/STM32CubeIDE.app/Contents/Eclipse/plugins/com.st.stm32cube.ide.mcu.externaltools.gnu-tools-for-stm32.11.3.rel1.macos64_1.1.0.202305231506/tools/bin/../lib/gcc/arm-none-eabi/11.3.1/../../../../arm-none-eabi/lib/thumb/v7e-m+fp/hard/libc.a
LOAD /Applications/STM32CubeIDE.app/Contents/Eclipse/plugins/com.st.stm32cube.ide.mcu.externaltools.gnu-tools-for-stm32.11.3.rel1.macos64_1.1.0.202305231506/tools/bin/../lib/gcc/arm-none-eabi/11.3.1/../../../../arm-none-eabi/lib/thumb/v7e-m+fp/hard/libm.a
LOAD /Applications/STM32CubeIDE.app/Contents/Eclipse/plugins/com.st.stm32cube.ide.mcu.externaltools.gnu-tools-for-stm32.11.3.rel1.macos64_1.1.0.202305231506/tools/bin/../lib/gcc/arm-none-eabi/11.3.1/thumb/v7e-m+fp/hard/libgcc.a

.comment        0x0000000000000000       0x43
 .comment       0x0000000000000000       0x43 /Applications/STM32CubeIDE.app/Contents/Eclipse/plugins/com.st.stm32cube.ide.mcu.externaltools.gnu-tools-for-stm32.11.3.rel1.macos64_1.1.0.202305231506/tools/bin/../lib/gcc/arm-none-eabi/11.3.1/thumb/v7e-m+fp/hard/crtbegin.o
                                         0x44 (size before relaxing)
 .comment       0x0000000000000043       0x44 ./Core/Src/FEB_ADC.o
 .comment       0x0000000000000043       0x44 ./Core/Src/FEB_Charge.o
 .comment       0x0000000000000043       0x44 ./Core/Src/FEB_Discharge.o
 .comment       0x0000000000000043       0x44 ./Core/Src/FEB_Main.o
 .comment       0x0000000000000043       0x44 ./Core/Src/FEB_Relay.o
 .comment       0x0000000000000043       0x44 ./Core/Src/FEB_SM.o
 .comment       0x0000000000000043       0x44 ./Core/Src/FEB_TIM.o
 .comment       0x0000000000000043       0x44 ./Core/Src/main.o
 .comment       0x0000000000000043       0x44 ./Core/Src/stm32f4xx_hal_msp.o
 .comment       0x0000000000000043       0x44 ./Core/Src/stm32f4xx_it.o
 .comment       0x0000000000000043       0x44 ./Core/Src/system_stm32f4xx.o
 .comment       0x0000000000000043       0x44 ./Drivers/STM32F4xx_HAL_Driver/Src/stm32f4xx_hal.o
 .comment       0x0000000000000043       0x44 ./Drivers/STM32F4xx_HAL_Driver/Src/stm32f4xx_hal_adc.o
 .comment       0x0000000000000043       0x44 ./Drivers/STM32F4xx_HAL_Driver/Src/stm32f4xx_hal_cortex.o
 .comment       0x0000000000000043       0x44 ./Drivers/STM32F4xx_HAL_Driver/Src/stm32f4xx_hal_gpio.o
 .comment       0x0000000000000043       0x44 ./Drivers/STM32F4xx_HAL_Driver/Src/stm32f4xx_hal_rcc.o
 .comment       0x0000000000000043       0x44 ./Drivers/STM32F4xx_HAL_Driver/Src/stm32f4xx_hal_rcc_ex.o
 .comment       0x0000000000000043       0x44 ./Drivers/STM32F4xx_HAL_Driver/Src/stm32f4xx_hal_tim.o
 .comment       0x0000000000000043       0x44 ./Drivers/STM32F4xx_HAL_Driver/Src/stm32f4xx_hal_tim_ex.o
 .comment       0x0000000000000043       0x44 ./Drivers/STM32F4xx_HAL_Driver/Src/stm32f4xx_hal_uart.o

.debug_info     0x0000000000000000     0xf21b
 .debug_info    0x0000000000000000      0x8b1 ./Core/Src/FEB_ADC.o
 .debug_info    0x00000000000008b1       0xcd ./Core/Src/FEB_Charge.o
 .debug_info    0x000000000000097e       0xcd ./Core/Src/FEB_Discharge.o
 .debug_info    0x0000000000000a4b      0x10a ./Core/Src/FEB_Main.o
 .debug_info    0x0000000000000b55      0x1ef ./Core/Src/FEB_Relay.o
 .debug_info    0x0000000000000d44      0x20d ./Core/Src/FEB_SM.o
 .debug_info    0x0000000000000f51      0x6ad ./Core/Src/FEB_TIM.o
 .debug_info    0x00000000000015fe     0x1295 ./Core/Src/main.o
 .debug_info    0x0000000000002893     0x1268 ./Core/Src/stm32f4xx_hal_msp.o
 .debug_info    0x0000000000003afb      0x6e1 ./Core/Src/stm32f4xx_it.o
 .debug_info    0x00000000000041dc      0x54a ./Core/Src/system_stm32f4xx.o
 .debug_info    0x0000000000004726       0x23 ./Core/Startup/startup_stm32f446retx.o
 .debug_info    0x0000000000004749      0x99e ./Drivers/STM32F4xx_HAL_Driver/Src/stm32f4xx_hal.o
 .debug_info    0x00000000000050e7      0xcd4 ./Drivers/STM32F4xx_HAL_Driver/Src/stm32f4xx_hal_adc.o
 .debug_info    0x0000000000005dbb      0xd64 ./Drivers/STM32F4xx_HAL_Driver/Src/stm32f4xx_hal_cortex.o
 .debug_info    0x0000000000006b1f      0x70b ./Drivers/STM32F4xx_HAL_Driver/Src/stm32f4xx_hal_gpio.o
 .debug_info    0x000000000000722a      0x8ed ./Drivers/STM32F4xx_HAL_Driver/Src/stm32f4xx_hal_rcc.o
 .debug_info    0x0000000000007b17      0x956 ./Drivers/STM32F4xx_HAL_Driver/Src/stm32f4xx_hal_rcc_ex.o
 .debug_info    0x000000000000846d     0x2948 ./Drivers/STM32F4xx_HAL_Driver/Src/stm32f4xx_hal_tim.o
 .debug_info    0x000000000000adb5     0x14ae ./Drivers/STM32F4xx_HAL_Driver/Src/stm32f4xx_hal_tim_ex.o
 .debug_info    0x000000000000c263     0x2fb8 ./Drivers/STM32F4xx_HAL_Driver/Src/stm32f4xx_hal_uart.o

.debug_abbrev   0x0000000000000000     0x2549
 .debug_abbrev  0x0000000000000000      0x204 ./Core/Src/FEB_ADC.o
 .debug_abbrev  0x0000000000000204       0x8e ./Core/Src/FEB_Charge.o
 .debug_abbrev  0x0000000000000292       0x8e ./Core/Src/FEB_Discharge.o
 .debug_abbrev  0x0000000000000320       0xb9 ./Core/Src/FEB_Main.o
 .debug_abbrev  0x00000000000003d9       0xf4 ./Core/Src/FEB_Relay.o
 .debug_abbrev  0x00000000000004cd      0x156 ./Core/Src/FEB_SM.o
 .debug_abbrev  0x0000000000000623      0x1a3 ./Core/Src/FEB_TIM.o
 .debug_abbrev  0x00000000000007c6      0x2cc ./Core/Src/main.o
 .debug_abbrev  0x0000000000000a92      0x1de ./Core/Src/stm32f4xx_hal_msp.o
 .debug_abbrev  0x0000000000000c70      0x192 ./Core/Src/stm32f4xx_it.o
 .debug_abbrev  0x0000000000000e02      0x11a ./Core/Src/system_stm32f4xx.o
 .debug_abbrev  0x0000000000000f1c       0x12 ./Core/Startup/startup_stm32f446retx.o
 .debug_abbrev  0x0000000000000f2e      0x213 ./Drivers/STM32F4xx_HAL_Driver/Src/stm32f4xx_hal.o
 .debug_abbrev  0x0000000000001141      0x252 ./Drivers/STM32F4xx_HAL_Driver/Src/stm32f4xx_hal_adc.o
 .debug_abbrev  0x0000000000001393      0x327 ./Drivers/STM32F4xx_HAL_Driver/Src/stm32f4xx_hal_cortex.o
 .debug_abbrev  0x00000000000016ba      0x1d4 ./Drivers/STM32F4xx_HAL_Driver/Src/stm32f4xx_hal_gpio.o
 .debug_abbrev  0x000000000000188e      0x2b6 ./Drivers/STM32F4xx_HAL_Driver/Src/stm32f4xx_hal_rcc.o
 .debug_abbrev  0x0000000000001b44      0x20a ./Drivers/STM32F4xx_HAL_Driver/Src/stm32f4xx_hal_rcc_ex.o
 .debug_abbrev  0x0000000000001d4e      0x271 ./Drivers/STM32F4xx_HAL_Driver/Src/stm32f4xx_hal_tim.o
 .debug_abbrev  0x0000000000001fbf      0x27c ./Drivers/STM32F4xx_HAL_Driver/Src/stm32f4xx_hal_tim_ex.o
 .debug_abbrev  0x000000000000223b      0x30e ./Drivers/STM32F4xx_HAL_Driver/Src/stm32f4xx_hal_uart.o

.debug_aranges  0x0000000000000000      0xe88
 .debug_aranges
                0x0000000000000000       0x80 ./Core/Src/FEB_ADC.o
 .debug_aranges
                0x0000000000000080       0x20 ./Core/Src/FEB_Charge.o
 .debug_aranges
                0x00000000000000a0       0x20 ./Core/Src/FEB_Discharge.o
 .debug_aranges
                0x00000000000000c0       0x28 ./Core/Src/FEB_Main.o
 .debug_aranges
                0x00000000000000e8       0x48 ./Core/Src/FEB_Relay.o
 .debug_aranges
                0x0000000000000130       0x58 ./Core/Src/FEB_SM.o
 .debug_aranges
                0x0000000000000188       0x28 ./Core/Src/FEB_TIM.o
 .debug_aranges
                0x00000000000001b0       0x50 ./Core/Src/main.o
 .debug_aranges
                0x0000000000000200       0x50 ./Core/Src/stm32f4xx_hal_msp.o
 .debug_aranges
                0x0000000000000250       0x68 ./Core/Src/stm32f4xx_it.o
 .debug_aranges
                0x00000000000002b8       0x28 ./Core/Src/system_stm32f4xx.o
 .debug_aranges
                0x00000000000002e0       0x28 ./Core/Startup/startup_stm32f446retx.o
 .debug_aranges
                0x0000000000000308       0xf0 ./Drivers/STM32F4xx_HAL_Driver/Src/stm32f4xx_hal.o
 .debug_aranges
                0x00000000000003f8       0xe8 ./Drivers/STM32F4xx_HAL_Driver/Src/stm32f4xx_hal_adc.o
 .debug_aranges
                0x00000000000004e0      0x118 ./Drivers/STM32F4xx_HAL_Driver/Src/stm32f4xx_hal_cortex.o
 .debug_aranges
                0x00000000000005f8       0x58 ./Drivers/STM32F4xx_HAL_Driver/Src/stm32f4xx_hal_gpio.o
 .debug_aranges
                0x0000000000000650       0x88 ./Drivers/STM32F4xx_HAL_Driver/Src/stm32f4xx_hal_rcc.o
 .debug_aranges
                0x00000000000006d8       0x78 ./Drivers/STM32F4xx_HAL_Driver/Src/stm32f4xx_hal_rcc_ex.o
 .debug_aranges
                0x0000000000000750      0x3d0 ./Drivers/STM32F4xx_HAL_Driver/Src/stm32f4xx_hal_tim.o
 .debug_aranges
                0x0000000000000b20      0x168 ./Drivers/STM32F4xx_HAL_Driver/Src/stm32f4xx_hal_tim_ex.o
 .debug_aranges
                0x0000000000000c88      0x200 ./Drivers/STM32F4xx_HAL_Driver/Src/stm32f4xx_hal_uart.o

.debug_rnglists
                0x0000000000000000      0xb3d
 .debug_rnglists
                0x0000000000000000       0x5d ./Core/Src/FEB_ADC.o
 .debug_rnglists
                0x000000000000005d       0x13 ./Core/Src/FEB_Charge.o
 .debug_rnglists
                0x0000000000000070       0x13 ./Core/Src/FEB_Discharge.o
 .debug_rnglists
                0x0000000000000083       0x19 ./Core/Src/FEB_Main.o
 .debug_rnglists
                0x000000000000009c       0x31 ./Core/Src/FEB_Relay.o
 .debug_rnglists
                0x00000000000000cd       0x3d ./Core/Src/FEB_SM.o
 .debug_rnglists
                0x000000000000010a       0x19 ./Core/Src/FEB_TIM.o
 .debug_rnglists
                0x0000000000000123       0x3a ./Core/Src/main.o
 .debug_rnglists
                0x000000000000015d       0x39 ./Core/Src/stm32f4xx_hal_msp.o
 .debug_rnglists
                0x0000000000000196       0x49 ./Core/Src/stm32f4xx_it.o
 .debug_rnglists
                0x00000000000001df       0x1a ./Core/Src/system_stm32f4xx.o
 .debug_rnglists
                0x00000000000001f9       0x19 ./Core/Startup/startup_stm32f446retx.o
 .debug_rnglists
                0x0000000000000212       0xaf ./Drivers/STM32F4xx_HAL_Driver/Src/stm32f4xx_hal.o
 .debug_rnglists
                0x00000000000002c1       0xb5 ./Drivers/STM32F4xx_HAL_Driver/Src/stm32f4xx_hal_adc.o
 .debug_rnglists
                0x0000000000000376       0xce ./Drivers/STM32F4xx_HAL_Driver/Src/stm32f4xx_hal_cortex.o
 .debug_rnglists
                0x0000000000000444       0x3f ./Drivers/STM32F4xx_HAL_Driver/Src/stm32f4xx_hal_gpio.o
 .debug_rnglists
                0x0000000000000483       0x66 ./Drivers/STM32F4xx_HAL_Driver/Src/stm32f4xx_hal_rcc.o
 .debug_rnglists
                0x00000000000004e9       0x5e ./Drivers/STM32F4xx_HAL_Driver/Src/stm32f4xx_hal_rcc_ex.o
 .debug_rnglists
                0x0000000000000547      0x31a ./Drivers/STM32F4xx_HAL_Driver/Src/stm32f4xx_hal_tim.o
 .debug_rnglists
                0x0000000000000861      0x125 ./Drivers/STM32F4xx_HAL_Driver/Src/stm32f4xx_hal_tim_ex.o
 .debug_rnglists
                0x0000000000000986      0x1b7 ./Drivers/STM32F4xx_HAL_Driver/Src/stm32f4xx_hal_uart.o

.debug_macro    0x0000000000000000    0x23436
 .debug_macro   0x0000000000000000      0x226 ./Core/Src/FEB_ADC.o
 .debug_macro   0x0000000000000226      0xaa8 ./Core/Src/FEB_ADC.o
 .debug_macro   0x0000000000000cce      0x2a1 ./Core/Src/FEB_ADC.o
 .debug_macro   0x0000000000000f6f       0x2e ./Core/Src/FEB_ADC.o
 .debug_macro   0x0000000000000f9d       0x28 ./Core/Src/FEB_ADC.o
 .debug_macro   0x0000000000000fc5       0x22 ./Core/Src/FEB_ADC.o
 .debug_macro   0x0000000000000fe7       0x8e ./Core/Src/FEB_ADC.o
 .debug_macro   0x0000000000001075       0x51 ./Core/Src/FEB_ADC.o
 .debug_macro   0x00000000000010c6      0x103 ./Core/Src/FEB_ADC.o
 .debug_macro   0x00000000000011c9       0x6a ./Core/Src/FEB_ADC.o
 .debug_macro   0x0000000000001233      0x1df ./Core/Src/FEB_ADC.o
 .debug_macro   0x0000000000001412       0x1c ./Core/Src/FEB_ADC.o
 .debug_macro   0x000000000000142e       0x22 ./Core/Src/FEB_ADC.o
 .debug_macro   0x0000000000001450       0xd9 ./Core/Src/FEB_ADC.o
 .debug_macro   0x0000000000001529     0x102d ./Core/Src/FEB_ADC.o
 .debug_macro   0x0000000000002556      0x11f ./Core/Src/FEB_ADC.o
 .debug_macro   0x0000000000002675    0x16749 ./Core/Src/FEB_ADC.o
 .debug_macro   0x0000000000018dbe       0x6d ./Core/Src/FEB_ADC.o
 .debug_macro   0x0000000000018e2b     0x367e ./Core/Src/FEB_ADC.o
 .debug_macro   0x000000000001c4a9      0x174 ./Core/Src/FEB_ADC.o
 .debug_macro   0x000000000001c61d       0x5c ./Core/Src/FEB_ADC.o
 .debug_macro   0x000000000001c679      0xc90 ./Core/Src/FEB_ADC.o
 .debug_macro   0x000000000001d309      0x9fe ./Core/Src/FEB_ADC.o
 .debug_macro   0x000000000001dd07      0x115 ./Core/Src/FEB_ADC.o
 .debug_macro   0x000000000001de1c      0x1a0 ./Core/Src/FEB_ADC.o
 .debug_macro   0x000000000001dfbc       0xa5 ./Core/Src/FEB_ADC.o
 .debug_macro   0x000000000001e061      0x16d ./Core/Src/FEB_ADC.o
 .debug_macro   0x000000000001e1ce      0x287 ./Core/Src/FEB_ADC.o
 .debug_macro   0x000000000001e455       0x5f ./Core/Src/FEB_ADC.o
 .debug_macro   0x000000000001e4b4      0x236 ./Core/Src/FEB_ADC.o
 .debug_macro   0x000000000001e6ea      0xb5b ./Core/Src/FEB_ADC.o
 .debug_macro   0x000000000001f245      0x38b ./Core/Src/FEB_ADC.o
 .debug_macro   0x000000000001f5d0      0x17d ./Core/Src/FEB_ADC.o
 .debug_macro   0x000000000001f74d       0xf9 ./Core/Src/FEB_ADC.o
 .debug_macro   0x000000000001f846      0x132 ./Core/Src/FEB_ADC.o
 .debug_macro   0x000000000001f978      0x29c ./Core/Src/FEB_ADC.o
 .debug_macro   0x000000000001fc14       0x2e ./Core/Src/FEB_ADC.o
 .debug_macro   0x000000000001fc42      0x11a ./Core/Src/FEB_ADC.o
 .debug_macro   0x000000000001fd5c       0xe8 ./Core/Src/FEB_ADC.o
 .debug_macro   0x000000000001fe44       0x89 ./Core/Src/FEB_ADC.o
 .debug_macro   0x000000000001fecd      0x8e6 ./Core/Src/FEB_ADC.o
 .debug_macro   0x00000000000207b3       0x4d ./Core/Src/FEB_ADC.o
 .debug_macro   0x0000000000020800      0x295 ./Core/Src/FEB_ADC.o
 .debug_macro   0x0000000000020a95      0x126 ./Core/Src/FEB_ADC.o
 .debug_macro   0x0000000000020bbb       0x6a ./Core/Src/FEB_ADC.o
 .debug_macro   0x0000000000020c25       0x4c ./Core/Src/FEB_ADC.o
 .debug_macro   0x0000000000020c71      0x230 ./Core/Src/FEB_Charge.o
 .debug_macro   0x0000000000020ea1      0x230 ./Core/Src/FEB_Discharge.o
 .debug_macro   0x00000000000210d1      0x25d ./Core/Src/FEB_Main.o
 .debug_macro   0x000000000002132e       0x64 ./Core/Src/FEB_Main.o
 .debug_macro   0x0000000000021392       0x22 ./Core/Src/FEB_Main.o
 .debug_macro   0x00000000000213b4      0x200 ./Core/Src/FEB_Relay.o
 .debug_macro   0x00000000000215b4      0x210 ./Core/Src/FEB_SM.o
 .debug_macro   0x00000000000217c4      0x230 ./Core/Src/FEB_TIM.o
 .debug_macro   0x00000000000219f4      0x205 ./Core/Src/main.o
 .debug_macro   0x0000000000021bf9      0x205 ./Core/Src/stm32f4xx_hal_msp.o
 .debug_macro   0x0000000000021dfe      0x20f ./Core/Src/stm32f4xx_it.o
 .debug_macro   0x000000000002200d      0x1f6 ./Core/Src/system_stm32f4xx.o
 .debug_macro   0x0000000000022203      0x256 ./Drivers/STM32F4xx_HAL_Driver/Src/stm32f4xx_hal.o
 .debug_macro   0x0000000000022459      0x1f7 ./Drivers/STM32F4xx_HAL_Driver/Src/stm32f4xx_hal_adc.o
 .debug_macro   0x0000000000022650      0x1f6 ./Drivers/STM32F4xx_HAL_Driver/Src/stm32f4xx_hal_cortex.o
 .debug_macro   0x0000000000022846      0x1fc ./Drivers/STM32F4xx_HAL_Driver/Src/stm32f4xx_hal_gpio.o
 .debug_macro   0x0000000000022a42      0x21a ./Drivers/STM32F4xx_HAL_Driver/Src/stm32f4xx_hal_rcc.o
 .debug_macro   0x0000000000022c5c      0x1f6 ./Drivers/STM32F4xx_HAL_Driver/Src/stm32f4xx_hal_rcc_ex.o
 .debug_macro   0x0000000000022e52      0x1f7 ./Drivers/STM32F4xx_HAL_Driver/Src/stm32f4xx_hal_tim.o
 .debug_macro   0x0000000000023049      0x1f6 ./Drivers/STM32F4xx_HAL_Driver/Src/stm32f4xx_hal_tim_ex.o
 .debug_macro   0x000000000002323f      0x1f7 ./Drivers/STM32F4xx_HAL_Driver/Src/stm32f4xx_hal_uart.o

.debug_line     0x0000000000000000    0x129e9
 .debug_line    0x0000000000000000      0x959 ./Core/Src/FEB_ADC.o
 .debug_line    0x0000000000000959      0x762 ./Core/Src/FEB_Charge.o
 .debug_line    0x00000000000010bb      0x768 ./Core/Src/FEB_Discharge.o
 .debug_line    0x0000000000001823      0x7ca ./Core/Src/FEB_Main.o
 .debug_line    0x0000000000001fed      0x78f ./Core/Src/FEB_Relay.o
 .debug_line    0x000000000000277c      0x80a ./Core/Src/FEB_SM.o
 .debug_line    0x0000000000002f86      0x778 ./Core/Src/FEB_TIM.o
 .debug_line    0x00000000000036fe      0x8ce ./Core/Src/main.o
 .debug_line    0x0000000000003fcc      0x800 ./Core/Src/stm32f4xx_hal_msp.o
 .debug_line    0x00000000000047cc      0x7fd ./Core/Src/stm32f4xx_it.o
 .debug_line    0x0000000000004fc9      0x7a4 ./Core/Src/system_stm32f4xx.o
 .debug_line    0x000000000000576d       0x7a ./Core/Startup/startup_stm32f446retx.o
 .debug_line    0x00000000000057e7      0xa0a ./Drivers/STM32F4xx_HAL_Driver/Src/stm32f4xx_hal.o
 .debug_line    0x00000000000061f1     0x127a ./Drivers/STM32F4xx_HAL_Driver/Src/stm32f4xx_hal_adc.o
 .debug_line    0x000000000000746b      0xcb9 ./Drivers/STM32F4xx_HAL_Driver/Src/stm32f4xx_hal_cortex.o
 .debug_line    0x0000000000008124      0xb6a ./Drivers/STM32F4xx_HAL_Driver/Src/stm32f4xx_hal_gpio.o
 .debug_line    0x0000000000008c8e      0xd8d ./Drivers/STM32F4xx_HAL_Driver/Src/stm32f4xx_hal_rcc.o
 .debug_line    0x0000000000009a1b     0x1425 ./Drivers/STM32F4xx_HAL_Driver/Src/stm32f4xx_hal_rcc_ex.o
 .debug_line    0x000000000000ae40     0x36f6 ./Drivers/STM32F4xx_HAL_Driver/Src/stm32f4xx_hal_tim.o
 .debug_line    0x000000000000e536     0x1a07 ./Drivers/STM32F4xx_HAL_Driver/Src/stm32f4xx_hal_tim_ex.o
 .debug_line    0x000000000000ff3d     0x2aac ./Drivers/STM32F4xx_HAL_Driver/Src/stm32f4xx_hal_uart.o

.debug_str      0x0000000000000000    0xd9acf
 .debug_str     0x0000000000000000    0xd5c35 ./Core/Src/FEB_ADC.o
                                      0xd5f27 (size before relaxing)
 .debug_str     0x00000000000d5c35       0x3e ./Core/Src/FEB_Charge.o
                                      0xd5909 (size before relaxing)
 .debug_str     0x00000000000d5c73       0x47 ./Core/Src/FEB_Discharge.o
                                      0xd5912 (size before relaxing)
 .debug_str     0x00000000000d5cba       0xbb ./Core/Src/FEB_Main.o
                                      0xd59ff (size before relaxing)
 .debug_str     0x00000000000d5d75      0x113 ./Core/Src/FEB_Relay.o
                                      0xd567c (size before relaxing)
 .debug_str     0x00000000000d5e88       0xc0 ./Core/Src/FEB_SM.o
                                      0xd5723 (size before relaxing)
 .debug_str     0x00000000000d5f48      0x2bf ./Core/Src/FEB_TIM.o
                                      0xd5e69 (size before relaxing)
 .debug_str     0x00000000000d6207      0x51b ./Core/Src/main.o
                                      0xd6446 (size before relaxing)
 .debug_str     0x00000000000d6722      0x60b ./Core/Src/stm32f4xx_hal_msp.o
                                      0xd678d (size before relaxing)
 .debug_str     0x00000000000d6d2d       0xf5 ./Core/Src/stm32f4xx_it.o
                                      0xd5d32 (size before relaxing)
 .debug_str     0x00000000000d6e22       0xdb ./Core/Src/system_stm32f4xx.o
                                      0xd5751 (size before relaxing)
 .debug_str     0x00000000000d6efd       0x78 ./Core/Startup/startup_stm32f446retx.o
 .debug_str     0x00000000000d6f75      0x617 ./Drivers/STM32F4xx_HAL_Driver/Src/stm32f4xx_hal.o
                                      0xd6316 (size before relaxing)
 .debug_str     0x00000000000d758c      0x285 ./Drivers/STM32F4xx_HAL_Driver/Src/stm32f4xx_hal_adc.o
                                      0xd5d19 (size before relaxing)
 .debug_str     0x00000000000d7811      0x326 ./Drivers/STM32F4xx_HAL_Driver/Src/stm32f4xx_hal_cortex.o
                                      0xd6024 (size before relaxing)
 .debug_str     0x00000000000d7b37      0x121 ./Drivers/STM32F4xx_HAL_Driver/Src/stm32f4xx_hal_gpio.o
                                      0xd58cc (size before relaxing)
 .debug_str     0x00000000000d7c58      0x233 ./Drivers/STM32F4xx_HAL_Driver/Src/stm32f4xx_hal_rcc.o
                                      0xd5b8a (size before relaxing)
 .debug_str     0x00000000000d7e8b      0x324 ./Drivers/STM32F4xx_HAL_Driver/Src/stm32f4xx_hal_rcc_ex.o
                                      0xd5bbd (size before relaxing)
 .debug_str     0x00000000000d81af      0xe0f ./Drivers/STM32F4xx_HAL_Driver/Src/stm32f4xx_hal_tim.o
                                      0xd6aa6 (size before relaxing)
 .debug_str     0x00000000000d8fbe      0x503 ./Drivers/STM32F4xx_HAL_Driver/Src/stm32f4xx_hal_tim_ex.o
                                      0xd62c2 (size before relaxing)
 .debug_str     0x00000000000d94c1      0x60e ./Drivers/STM32F4xx_HAL_Driver/Src/stm32f4xx_hal_uart.o
                                      0xd60ff (size before relaxing)

.debug_frame    0x0000000000000000     0x3c4c
 .debug_frame   0x0000000000000000      0x1c4 ./Core/Src/FEB_ADC.o
 .debug_frame   0x00000000000001c4       0x2c ./Core/Src/FEB_Charge.o
 .debug_frame   0x00000000000001f0       0x2c ./Core/Src/FEB_Discharge.o
 .debug_frame   0x000000000000021c       0x48 ./Core/Src/FEB_Main.o
 .debug_frame   0x0000000000000264       0xb8 ./Core/Src/FEB_Relay.o
 .debug_frame   0x000000000000031c       0xfc ./Core/Src/FEB_SM.o
 .debug_frame   0x0000000000000418       0x50 ./Core/Src/FEB_TIM.o
 .debug_frame   0x0000000000000468       0xe8 ./Core/Src/main.o
 .debug_frame   0x0000000000000550      0x110 ./Core/Src/stm32f4xx_hal_msp.o
 .debug_frame   0x0000000000000660      0x120 ./Core/Src/stm32f4xx_it.o
 .debug_frame   0x0000000000000780       0x58 ./Core/Src/system_stm32f4xx.o
 .debug_frame   0x00000000000007d8      0x374 ./Drivers/STM32F4xx_HAL_Driver/Src/stm32f4xx_hal.o
 .debug_frame   0x0000000000000b4c      0x3fc ./Drivers/STM32F4xx_HAL_Driver/Src/stm32f4xx_hal_adc.o
 .debug_frame   0x0000000000000f48      0x498 ./Drivers/STM32F4xx_HAL_Driver/Src/stm32f4xx_hal_cortex.o
 .debug_frame   0x00000000000013e0      0x14c ./Drivers/STM32F4xx_HAL_Driver/Src/stm32f4xx_hal_gpio.o
 .debug_frame   0x000000000000152c      0x1f4 ./Drivers/STM32F4xx_HAL_Driver/Src/stm32f4xx_hal_rcc.o
 .debug_frame   0x0000000000001720      0x1e8 ./Drivers/STM32F4xx_HAL_Driver/Src/stm32f4xx_hal_rcc_ex.o
 .debug_frame   0x0000000000001908     0x11c4 ./Drivers/STM32F4xx_HAL_Driver/Src/stm32f4xx_hal_tim.o
 .debug_frame   0x0000000000002acc      0x638 ./Drivers/STM32F4xx_HAL_Driver/Src/stm32f4xx_hal_tim_ex.o
 .debug_frame   0x0000000000003104      0x92c ./Drivers/STM32F4xx_HAL_Driver/Src/stm32f4xx_hal_uart.o
 .debug_frame   0x0000000000003a30       0x20 /Applications/STM32CubeIDE.app/Contents/Eclipse/plugins/com.st.stm32cube.ide.mcu.externaltools.gnu-tools-for-stm32.11.3.rel1.macos64_1.1.0.202305231506/tools/bin/../lib/gcc/arm-none-eabi/11.3.1/../../../../arm-none-eabi/lib/thumb/v7e-m+fp/hard/libc_nano.a(libc_a-memset.o)
 .debug_frame   0x0000000000003a50       0x2c /Applications/STM32CubeIDE.app/Contents/Eclipse/plugins/com.st.stm32cube.ide.mcu.externaltools.gnu-tools-for-stm32.11.3.rel1.macos64_1.1.0.202305231506/tools/bin/../lib/gcc/arm-none-eabi/11.3.1/../../../../arm-none-eabi/lib/thumb/v7e-m+fp/hard/libc_nano.a(libc_a-init.o)
 .debug_frame   0x0000000000003a7c       0xac /Applications/STM32CubeIDE.app/Contents/Eclipse/plugins/com.st.stm32cube.ide.mcu.externaltools.gnu-tools-for-stm32.11.3.rel1.macos64_1.1.0.202305231506/tools/bin/../lib/gcc/arm-none-eabi/11.3.1/thumb/v7e-m+fp/hard/libgcc.a(_arm_addsubdf3.o)
 .debug_frame   0x0000000000003b28       0xc4 /Applications/STM32CubeIDE.app/Contents/Eclipse/plugins/com.st.stm32cube.ide.mcu.externaltools.gnu-tools-for-stm32.11.3.rel1.macos64_1.1.0.202305231506/tools/bin/../lib/gcc/arm-none-eabi/11.3.1/thumb/v7e-m+fp/hard/libgcc.a(_arm_cmpdf2.o)
 .debug_frame   0x0000000000003bec       0x2c /Applications/STM32CubeIDE.app/Contents/Eclipse/plugins/com.st.stm32cube.ide.mcu.externaltools.gnu-tools-for-stm32.11.3.rel1.macos64_1.1.0.202305231506/tools/bin/../lib/gcc/arm-none-eabi/11.3.1/thumb/v7e-m+fp/hard/libgcc.a(_aeabi_uldivmod.o)
 .debug_frame   0x0000000000003c18       0x34 /Applications/STM32CubeIDE.app/Contents/Eclipse/plugins/com.st.stm32cube.ide.mcu.externaltools.gnu-tools-for-stm32.11.3.rel1.macos64_1.1.0.202305231506/tools/bin/../lib/gcc/arm-none-eabi/11.3.1/thumb/v7e-m+fp/hard/libgcc.a(_udivmoddi4.o)

.debug_line_str
                0x0000000000000000       0x6c
 .debug_line_str
                0x0000000000000000       0x6c ./Core/Startup/startup_stm32f446retx.o
                                         0x84 (size before relaxing)
